[nivel]
origen = mapa.png
mapa = !@..........................
	   ()...#...........###########
	   !@...#......################
	   ()...#####..................
	   !@..........................
	   ()##########................
	   !@..###...##################
	   ()..........................
	   !@..........................
	   ()..........................
	   !@..........................
	   ()()*/......................
	   !@!@$&......................
	   ()*/()*/()*/()*/()*/()*/()*/
	   !@$&!@$&!@$&!@$&!@$&!@$&!@$&
	   */()*/()*/()*/()*/()*/()*/()
	   $&!@$&!@$&!@$&!@$&!@$&!@$&!@
	   */()*/()*/()*/()*/()*/()*/()
	   $&!@$&!@$&!@$&!@$&!@$&!@$&!@


c_x = 32
c_y = 32

[.]
nombre = cesped
px = 3
py = 0
solido = 0

[#]
nombre = muro
px = 12
py = 0
solido = 1

[$]
nombre= suelohueco
px = 0
py = 12
solido = 0

[&]
nombre= suelohueco2
px = 1
py = 12
solido = 0

[*]
nombre= suelohueco3
px = 0
py = 11
solido = 0

[/]
nombre= suelohueco4
px = 1
py = 11
solido = 0

[!]
nombre= suelolleno
px = 2
py = 12
solido = 0

[@]
nombre= suelolleno2
px = 3
py = 12
solido = 0

[(]
nombre= suelolleno3
px = 2
py = 11
solido = 0

[)]
nombre= suelolleno4
px = 3
py = 11
solido = 0